2025-03-19 23:28:37,650 - INFO - ✅ Flask App Started Successfully
2025-03-19 23:28:37,681 - INFO - ✅ Flask App Started Successfully
2025-03-19 23:30:03,693 - INFO - ✅ Flask App Started Successfully
2025-03-19 23:30:03,797 - INFO - ✅ Flask App Started Successfully
2025-03-19 23:31:02,015 - INFO - ✅ Flask App Started Successfully
2025-03-19 23:31:02,039 - INFO - ✅ Flask App Started Successfully
2025-03-19 23:31:30,600 - INFO - ✅ Flask App Started Successfully
2025-03-19 23:31:30,710 - INFO - ✅ Flask App Started Successfully
2025-03-19 23:35:33,635 - INFO - ✅ Flask App Started Successfully
2025-03-19 23:35:33,749 - INFO - ✅ Flask App Started Successfully
2025-03-19 23:37:33,991 - INFO - ✅ Flask App Started Successfully
2025-03-19 23:37:34,061 - INFO - ✅ Flask App Started Successfully
2025-03-19 23:39:25,932 - INFO - ✅ Flask App Started Successfully
2025-03-19 23:39:25,939 - INFO - ✅ Flask App Started Successfully
2025-03-19 23:40:38,870 - INFO - ✅ Flask App Started Successfully
2025-03-19 23:40:38,896 - INFO - ✅ Flask App Started Successfully
2025-03-19 23:44:07,203 - INFO - ✅ Flask App Started Successfully
2025-03-19 23:44:07,271 - INFO - ✅ Flask App Started Successfully
2025-03-19 23:47:17,105 - INFO - ✅ Flask App Started Successfully
2025-03-19 23:47:17,184 - INFO - ✅ Flask App Started Successfully
2025-03-19 23:49:46,829 - INFO - ✅ Flask App Started Successfully
2025-03-19 23:49:46,844 - INFO - ✅ Flask App Started Successfully
2025-03-19 23:51:09,710 - INFO - 📄 Rendering weather_dashboard.html (is_admin=False)
2025-03-19 23:51:28,509 - INFO - 📄 Rendering it_compliance_auditor.html (is_admin=False)
2025-03-19 23:51:39,217 - INFO - 🔓 User sk1m0 logged in successfully.
2025-03-19 23:51:39,264 - INFO - 📄 Rendering it_compliance_auditor.html (is_admin=False)
2025-03-19 23:52:01,190 - INFO - 🔓 User sk1m0 logged in successfully.
2025-03-19 23:52:01,238 - INFO - 📄 Rendering it_compliance_auditor.html (is_admin=False)
2025-03-19 23:52:21,258 - INFO - 📄 Rendering infra_monitoring_dashboard.html (is_admin=True)
2025-03-19 23:52:33,985 - INFO - 📄 Rendering it_compliance_auditor.html (is_admin=False)
2025-03-19 23:52:44,111 - INFO - 🔓 User sk1m0 logged in successfully.
2025-03-19 23:52:44,155 - INFO - 📄 Rendering it_compliance_auditor.html (is_admin=True)
2025-03-19 23:52:44,449 - ERROR - ❌ Error fetching compliance findings: An error occurred (InvalidAccessException) when calling the GetFindings operation: Account 529088269091 is not subscribed to AWS Security Hub
2025-03-19 23:52:52,210 - INFO - 📄 Rendering flask_resume_api.html (is_admin=True)
2025-03-19 23:53:00,470 - INFO - 📄 Rendering s3_file_manager.html (is_admin=False)
2025-03-19 23:53:09,951 - INFO - 🔓 User sk1m0 logged in successfully.
2025-03-19 23:53:26,914 - INFO - 🔓 User sk1m0 logged in successfully.
2025-03-19 23:57:49,533 - INFO - ✅ Flask App Started Successfully
2025-03-19 23:57:49,573 - INFO - ✅ Flask App Started Successfully
2025-03-19 23:58:02,629 - INFO - 🔓 User sk1m0 logged in successfully.
2025-03-19 23:58:21,345 - INFO - 📄 Rendering flask_resume_api.html (is_admin=True)
